// Jest Snapshot v1, https://goo.gl/fbAQLP

exports[`Icon renders correctly 1`] = `
<a
  className="icon background-dark-blue color-white"
  href=""
  onClick={[Function]}
>
  <div>
    <div
      className=" big"
    />
    <div
      className="small m-top-10"
    >
      
    </div>
  </div>
</a>
`;

exports[`Info renders correctly 1`] = `
<div
  className="main-info"
>
  <p
    className="big m-b-10 color-dark-gray"
  />
  <i
    className="undefined x-small color-gray"
  />
  <p
    className="small color-gray"
  >
    1
  </p>
  <p
    className="x-small color-gray"
  />
</div>
`;
